// Jest Snapshot v1, https://goo.gl/fbAQLP

exports[`components/Form/inputs/FormTextTagInput renders 1`] = `
<div
  className="ant-input"
>
  <DraftEditor
    blockRenderMap={
      Immutable.Map {
        "ordered-list-item": Object {
          "element": "li",
          "wrapper": <ol
            className="public-DraftStyleDefault-ol"
          />,
        },
        "header-six": Object {
          "element": "h6",
        },
        "header-four": Object {
          "element": "h4",
        },
        "header-one": Object {
          "element": "h1",
        },
        "unordered-list-item": Object {
          "element": "li",
          "wrapper": <ul
            className="public-DraftStyleDefault-ul"
          />,
        },
        "atomic": Object {
          "element": "figure",
        },
        "unstyled": Object {
          "aliasedElements": Array [
            "p",
          ],
          "element": "div",
        },
        "header-two": Object {
          "element": "h2",
        },
        "code-block": Object {
          "element": "pre",
          "wrapper": <pre
            className="public-DraftStyleDefault-pre"
          />,
        },
        "blockquote": Object {
          "element": "blockquote",
        },
        "header-five": Object {
          "element": "h5",
        },
        "header-three": Object {
          "element": "h3",
        },
      }
    }
    blockRendererFn={[Function]}
    blockStyleFn={[Function]}
    editorState={
      EditorState {
        "_immutable": Immutable.Record {
          "allowUndo": true,
          "currentContent": Immutable.Record {
            "entityMap": Object {
              "__add": [Function],
              "__create": [Function],
              "__get": [Function],
              "__getLastCreatedEntityKey": [Function],
              "__mergeData": [Function],
              "__replaceData": [Function],
              "add": [Function],
              "create": [Function],
              "get": [Function],
              "getLastCreatedEntityKey": [Function],
              "mergeData": [Function],
              "replaceData": [Function],
            },
            "blockMap": Immutable.OrderedMap {
              "testing-key": Immutable.Record {
                "key": "testing-key",
                "type": "unstyled",
                "text": "$Hello $NotValidWord and plain text.",
                "characterList": Immutable.List [
                  Immutable.Record {
                    "style": Immutable.OrderedSet [],
                    "entity": null,
                  },
                  Immutable.Record {
                    "style": Immutable.OrderedSet [],
                    "entity": null,
                  },
                  Immutable.Record {
                    "style": Immutable.OrderedSet [],
                    "entity": null,
                  },
                  Immutable.Record {
                    "style": Immutable.OrderedSet [],
                    "entity": null,
                  },
                  Immutable.Record {
                    "style": Immutable.OrderedSet [],
                    "entity": null,
                  },
                  Immutable.Record {
                    "style": Immutable.OrderedSet [],
                    "entity": null,
                  },
                  Immutable.Record {
                    "style": Immutable.OrderedSet [],
                    "entity": null,
                  },
                  Immutable.Record {
                    "style": Immutable.OrderedSet [],
                    "entity": null,
                  },
                  Immutable.Record {
                    "style": Immutable.OrderedSet [],
                    "entity": null,
                  },
                  Immutable.Record {
                    "style": Immutable.OrderedSet [],
                    "entity": null,
                  },
                  Immutable.Record {
                    "style": Immutable.OrderedSet [],
                    "entity": null,
                  },
                  Immutable.Record {
                    "style": Immutable.OrderedSet [],
                    "entity": null,
                  },
                  Immutable.Record {
                    "style": Immutable.OrderedSet [],
                    "entity": null,
                  },
                  Immutable.Record {
                    "style": Immutable.OrderedSet [],
                    "entity": null,
                  },
                  Immutable.Record {
                    "style": Immutable.OrderedSet [],
                    "entity": null,
                  },
                  Immutable.Record {
                    "style": Immutable.OrderedSet [],
                    "entity": null,
                  },
                  Immutable.Record {
                    "style": Immutable.OrderedSet [],
                    "entity": null,
                  },
                  Immutable.Record {
                    "style": Immutable.OrderedSet [],
                    "entity": null,
                  },
                  Immutable.Record {
                    "style": Immutable.OrderedSet [],
                    "entity": null,
                  },
                  Immutable.Record {
                    "style": Immutable.OrderedSet [],
                    "entity": null,
                  },
                  Immutable.Record {
                    "style": Immutable.OrderedSet [],
                    "entity": null,
                  },
                  Immutable.Record {
                    "style": Immutable.OrderedSet [],
                    "entity": null,
                  },
                  Immutable.Record {
                    "style": Immutable.OrderedSet [],
                    "entity": null,
                  },
                  Immutable.Record {
                    "style": Immutable.OrderedSet [],
                    "entity": null,
                  },
                  Immutable.Record {
                    "style": Immutable.OrderedSet [],
                    "entity": null,
                  },
                  Immutable.Record {
                    "style": Immutable.OrderedSet [],
                    "entity": null,
                  },
                  Immutable.Record {
                    "style": Immutable.OrderedSet [],
                    "entity": null,
                  },
                  Immutable.Record {
                    "style": Immutable.OrderedSet [],
                    "entity": null,
                  },
                  Immutable.Record {
                    "style": Immutable.OrderedSet [],
                    "entity": null,
                  },
                  Immutable.Record {
                    "style": Immutable.OrderedSet [],
                    "entity": null,
                  },
                  Immutable.Record {
                    "style": Immutable.OrderedSet [],
                    "entity": null,
                  },
                  Immutable.Record {
                    "style": Immutable.OrderedSet [],
                    "entity": null,
                  },
                  Immutable.Record {
                    "style": Immutable.OrderedSet [],
                    "entity": null,
                  },
                  Immutable.Record {
                    "style": Immutable.OrderedSet [],
                    "entity": null,
                  },
                  Immutable.Record {
                    "style": Immutable.OrderedSet [],
                    "entity": null,
                  },
                  Immutable.Record {
                    "style": Immutable.OrderedSet [],
                    "entity": null,
                  },
                ],
                "depth": 0,
                "data": Immutable.Map {},
              },
            },
            "selectionBefore": Immutable.Record {
              "anchorKey": "testing-key",
              "anchorOffset": 0,
              "focusKey": "testing-key",
              "focusOffset": 0,
              "isBackward": false,
              "hasFocus": false,
            },
            "selectionAfter": Immutable.Record {
              "anchorKey": "testing-key",
              "anchorOffset": 0,
              "focusKey": "testing-key",
              "focusOffset": 0,
              "isBackward": false,
              "hasFocus": false,
            },
          },
          "decorator": CompositeDraftDecorator {
            "_decorators": Array [
              Object {
                "component": [Function],
                "props": Object {
                  "color": "green",
                },
                "strategy": [Function],
              },
              Object {
                "component": [Function],
                "props": Object {
                  "color": "blue",
                },
                "strategy": [Function],
              },
              Object {
                "component": [Function],
                "props": Object {
                  "color": "red",
                },
                "strategy": [Function],
              },
            ],
          },
          "directionMap": Immutable.OrderedMap {
            "testing-key": "LTR",
          },
          "forceSelection": false,
          "inCompositionMode": false,
          "inlineStyleOverride": null,
          "lastChangeType": null,
          "nativelyRenderedContent": null,
          "redoStack": Immutable.Stack [],
          "selection": Immutable.Record {
            "anchorKey": "testing-key",
            "anchorOffset": 0,
            "focusKey": "testing-key",
            "focusOffset": 0,
            "isBackward": false,
            "hasFocus": false,
          },
          "treeMap": Immutable.OrderedMap {
            "testing-key": Immutable.List [
              Immutable.Record {
                "start": 0,
                "end": 6,
                "decoratorKey": "0.0",
                "leaves": Immutable.List [
                  Immutable.Record {
                    "start": 0,
                    "end": 6,
                  },
                ],
              },
              Immutable.Record {
                "start": 6,
                "end": 7,
                "decoratorKey": null,
                "leaves": Immutable.List [
                  Immutable.Record {
                    "start": 6,
                    "end": 7,
                  },
                ],
              },
              Immutable.Record {
                "start": 7,
                "end": 20,
                "decoratorKey": "2.0",
                "leaves": Immutable.List [
                  Immutable.Record {
                    "start": 7,
                    "end": 20,
                  },
                ],
              },
              Immutable.Record {
                "start": 20,
                "end": 36,
                "decoratorKey": null,
                "leaves": Immutable.List [
                  Immutable.Record {
                    "start": 20,
                    "end": 36,
                  },
                ],
              },
            ],
          },
          "undoStack": Immutable.Stack [],
        },
      }
    }
    handleReturn={[Function]}
    keyBindingFn={[Function]}
    onChange={[Function]}
    readOnly={false}
    spellCheck={false}
    stripPastedStyles={false}
  />
</div>
`;
