// Jest Snapshot v1, https://goo.gl/fbAQLP

exports[`components/Form/inputs/TitleInput renders 1`] = `
<ForwardRef(render)>
  <Search
    enterButton={false}
    onChange={[Function]}
    onSearch={[Function]}
    placeholder="Search here"
  />
</ForwardRef(render)>
`;
